--- checking black-1 ...
    BROKEN (old failed: 1, new failed: None)
--- checking black-2 ...
    BROKEN (old failed: 1, new failed: None)
--- checking black-3 ...
    BROKEN (old failed: 1, new failed: None)
--- checking cookiecutter-1 ...
    NOT_APPLICABLE (old failed: None, new failed: None)
--- checking cookiecutter-2 ...
    BROKEN (old failed: 0, new failed: None)
--- checking cookiecutter-3 ...
    BROKEN (old failed: 0, new failed: None)
--- checking cookiecutter-4 ...
    NOT_APPLICABLE (old failed: None, new failed: None)
--- checking fastapi-1 ...
    NOT_APPLICABLE (old failed: None, new failed: None)
--- checking fastapi-2 ...
    NOT_APPLICABLE (old failed: None, new failed: None)
--- checking fastapi-3 ...
    NOT_APPLICABLE (old failed: None, new failed: None)
--- checking httpie-1 ...
    NOT_APPLICABLE (old failed: None, new failed: None)
--- checking httpie-2 ...
    BROKEN (old failed: 1, new failed: None)
--- checking httpie-3 ...
    NOT_APPLICABLE (old failed: None, new failed: None)
--- checking luigi-1 ...
    BROKEN (old failed: 0, new failed: None)
--- checking luigi-2 ...
    NOT_APPLICABLE (old failed: None, new failed: None)
--- checking sanic-1 ...
    NOT_APPLICABLE (old failed: None, new failed: None)
--- checking sanic-2 ...
    BROKEN (old failed: 0, new failed: None)
--- checking sanic-3 ...
    NOT_APPLICABLE (old failed: None, new failed: None)
--- checking spacy-1 ...
    NOT_APPLICABLE (old failed: None, new failed: None)
--- checking spacy-2 ...
    NOT_APPLICABLE (old failed: None, new failed: None)
--- checking spacy-3 ...
    NOT_APPLICABLE (old failed: None, new failed: None)
--- checking thefuck-1 ...
    NOT_APPLICABLE (old failed: None, new failed: None)
--- checking thefuck-2 ...
    NOT_APPLICABLE (old failed: None, new failed: None)
--- checking thefuck-3 ...
    NOT_APPLICABLE (old failed: None, new failed: None)
--- checking thefuck-4 ...
