--- building cookiecutter/2 ...
    INVALID - validation test still present after cleanup
--- building cookiecutter/3 ...
    INVALID - validation test still present after cleanup
--- building cookiecutter/4 ...
    VALID [practice]
--- building httpie/1 ...
    VALID [practice]
--- building httpie/2 ...
    INVALID - validation test still present after cleanup
--- building httpie/3 ...
    VALID [practice]
--- building sanic/1 ...
    VALID [practice]
--- building sanic/2 ...
    INVALID - validation test still present after cleanup
--- building sanic/3 ...
    VALID [practice]
--- building tqdm/1 ...
    INVALID - test errored rather than failed: no tests ran in 0.00s
ERROR: file or directory not found: python3 -m pytest tqdm/tests/tests_contrib.py::test_enumerate
--- building tqdm/2 ...
    INVALID - test errored rather than failed: no tests ran in 0.00s
ERROR: file or directory not found: python3 -m pytest tqdm/tests/tests_tqdm.py::test_format_meter
--- building tqdm/3 ...
    INVALID - test errored rather than failed: no tests ran in 0.00s
ERROR: file or directory not found: python3 -m pytest tqdm/tests/tests_tqdm.py::test_bool
--- building thefuck/1 ...
    VALID [practice]
--- building thefuck/2 ...
    VALID [locked]
--- building thefuck/3 ...
    VALID [practice]
--- building thefuck/4 ...
    VALID [practice]
--- building black/1 ...
    INVALID - test errored rather than failed: ERROR: usage: __main__.py [options] [file_or_dir] [file_or_dir] [...]
__main__.py: error: argument -q/--quiet: ignored explicit argument ' tests.test_black.BlackTestCase.test_works_in_mono_process_only_environment'
--- building black/2 ...
    INVALID - test errored rather than failed: ERROR: usage: __main__.py [options] [file_or_dir] [file_or_dir] [...]
__main__.py: error: argument -q/--quiet: ignored explicit argument ' tests.test_black.BlackTestCase.test_fmtonoff4'
--- building black/3 ...
    INVALID - test errored rather than failed: ERROR: usage: __main__.py [options] [file_or_dir] [file_or_dir] [...]
__main__.py: error: argument -q/--quiet: ignored explicit argument ' tests.test_black.BlackTestCase.test_invalid_config_return_code'
--- building luigi/1 ...
    INVALID - test errored rather than failed: cs.pytest.org/en/stable/how-to/capture-warnings.html
=========================== short test summary info ===========================
ERROR test/server_test.py
!!!!!!!!!!!!!!!!!!!!!!!!!! stopping after 1 failures !!!!!!!!!!!!!!!!!!!!!!!!!!
2 warnings, 1 error in 0.51s
ERROR: found no collectors for C:\Users\hollo\dev\repo-diagnosis\instances\luigi-1\test\server_test.py::MetricsHandlerTest::test_get
--- building luigi/2 ...
    VALID [locked]
--- building luigi/3 ...
    INVALID - test errored rather than failed: ble/how-to/capture-warnings.html
=========================== short test summary info ===========================
ERROR test/parameter_test.py
!!!!!!!!!!!!!!!!!!!!!!!!!! stopping after 1 failures !!!!!!!!!!!!!!!!!!!!!!!!!!
2 warnings, 1 error in 0.29s
ERROR: found no collectors for C:\Users\hollo\dev\repo-diagnosis\instances\luigi-3\test\parameter_test.py::TestSerializeTupleParameter::testSerialize
--- building fastapi/1 ...
    VALID [locked]
--- building fastapi/2 ...
    VALID [practice]
--- building fastapi/3 ...
    VALID [practice]
--- building spacy/1 ...
