--- building black/2 ...
    VALID [practice]
--- building black/3 ...
    VALID [practice]
--- building tornado/1 ...
    VALID [practice]
--- building tornado/2 ...
    VALID [practice]
--- building tornado/3 ...
    INVALID - known test PASSED - bug does not reproduce here
--- building youtube-dl/1 ...
    VALID [practice]
--- building youtube-dl/2 ...
    VALID [practice]
--- building youtube-dl/3 ...
    VALID [practice]
--- building tqdm/2 ...
    VALID [practice]
--- building tqdm/3 ...
    VALID [practice]
--- building luigi/1 ...
    VALID [practice]
--- building luigi/3 ...
    INVALID - could not run the test: ImportError while importing test module 'C:\Users\hollo\dev\repo-diagnosis\instances\luigi-3\test\parameter_test.py'.
--- building cookiecutter/3 ...
    VALID [practice]
--- building httpie/2 ...
    VALID [locked]
--- building sanic/2 ...
    VALID [practice]

13/15 valid. Report: reports/rejections.md
