############ 1. FIXER on black-1 (the one it caught correctly) ############
copying instance -> fixes/black-1-f1 ...
BEFORE:
  reproduction: fails (as it should)
  project tests: 127 passed, 1 skipped, 13 warnings in 26.77s
running the fixer ...
AFTER:
  it claims fixed=False in 0 attempts
  reproduction now: still fails
  project tests:    127 passed, 1 skipped, 13 warnings in 25.65s
  files it touched: none
-> reports\fix-black-1-f1.json

############ 2. FINDER then FIXER on httpie-3 (never seen) ############
--- httpie-3 ...
    ok, 1 findings
  finder returned 1 findings
copying instance -> fixes/httpie-3-f1 ...
Traceback (most recent call last):
  File "C:\Users\hollo\dev\repo-diagnosis\fix_bug.py", line 202, in <module>
    main()
    ~~~~^^
  File "C:\Users\hollo\dev\repo-diagnosis\fix_bug.py", line 127, in main
    shutil.copytree(inst, work)
    ~~~~~~~~~~~~~~~^^^^^^^^^^^^
  File "C:\Python314\Lib\shutil.py", line 654, in copytree
    return _copytree(entries=entries, src=src, dst=dst, symlinks=symlinks,
                     ignore=ignore, copy_function=copy_function,
                     ignore_dangling_symlinks=ignore_dangling_symlinks,
                     dirs_exist_ok=dirs_exist_ok)
  File "C:\Python314\Lib\shutil.py", line 608, in _copytree
    raise Error(errors)
shutil.Error: [('C:\\Users\\hollo\\dev\\repo-diagnosis\\instances\\httpie-3\\.pytest_cache', 'C:\\Users\\hollo\\dev\\repo-diagnosis\\fixes\\httpie-3-f1\\.pytest_cache', "[WinError 5] Access is denied: 'C:\\\\Users\\\\hollo\\\\dev\\\\repo-diagnosis\\\\instances\\\\httpie-3\\\\.pytest_cache'")]

############ 3. PHANTOM on cookiecutter-1 (nothing to fix) ############
copying instance -> fixes/cookiecutter-1-f1-phantom ...
Traceback (most recent call last):
  File "C:\Users\hollo\dev\repo-diagnosis\fix_bug.py", line 202, in <module>
    main()
    ~~~~^^
  File "C:\Users\hollo\dev\repo-diagnosis\fix_bug.py", line 127, in main
    shutil.copytree(inst, work)
    ~~~~~~~~~~~~~~~^^^^^^^^^^^^
  File "C:\Python314\Lib\shutil.py", line 654, in copytree
    return _copytree(entries=entries, src=src, dst=dst, symlinks=symlinks,
                     ignore=ignore, copy_function=copy_function,
                     ignore_dangling_symlinks=ignore_dangling_symlinks,
                     dirs_exist_ok=dirs_exist_ok)
  File "C:\Python314\Lib\shutil.py", line 608, in _copytree
    raise Error(errors)
shutil.Error: [('C:\\Users\\hollo\\dev\\repo-diagnosis\\instances\\cookiecutter-1\\.pytest_cache', 'C:\\Users\\hollo\\dev\\repo-diagnosis\\fixes\\cookiecutter-1-f1-phantom\\.pytest_cache', "[WinError 5] Access is denied: 'C:\\\\Users\\\\hollo\\\\dev\\\\repo-diagnosis\\\\instances\\\\cookiecutter-1\\\\.pytest_cache'")]

############ ALL THREE DONE ############
