########## 1. FIXER on black-1 ##########
--- black-1 ...
    !! PROMPT TRUNCATED - the agent did not receive the full instructions. Result is not comparable.
    no result written (exit 1)
Traceback (most recent call last):
  File "C:\Users\hollo\dev\repo-diagnosis\fix_bug.py", line 208, in <module>
    main()
    ~~~~^^
  File "C:\Users\hollo\dev\repo-diagnosis\fix_bug.py", line 122, in main
    res = json.loads((RESULTS / a.instance / "result.json").read_text(encoding="utf-8"))
                     ~~~~~~~~~~~~~~~~~~~~~~~~~~~~~~~~~~~~~~~~~~~~~~~~^^^^^^^^^^^^^^^^^^
  File "C:\Python314\Lib\pathlib\__init__.py", line 787, in read_text
    with self.open(mode='r', encoding=encoding, errors=errors, newline=newline) as f:
         ~~~~~~~~~^^^^^^^^^^^^^^^^^^^^^^^^^^^^^^^^^^^^^^^^^^^^^^^^^^^^^^^^^^^^^
  File "C:\Python314\Lib\pathlib\__init__.py", line 771, in open
    return io.open(self, mode, buffering, encoding, errors, newline)
           ~~~~~~~^^^^^^^^^^^^^^^^^^^^^^^^^^^^^^^^^^^^^^^^^^^^^^^^^^
FileNotFoundError: [Errno 2] No such file or directory: 'C:\\Users\\hollo\\dev\\repo-diagnosis\\results\\black-1\\result.json'

########## 2. FINDER + FIXER on httpie-3 ##########
--- httpie-3 ...
    !! PROMPT TRUNCATED - the agent did not receive the full instructions. Result is not comparable.
    no result written (exit 1)
Traceback (most recent call last):
  File "C:\Users\hollo\dev\repo-diagnosis\fix_bug.py", line 208, in <module>
    main()
    ~~~~^^
  File "C:\Users\hollo\dev\repo-diagnosis\fix_bug.py", line 122, in main
    res = json.loads((RESULTS / a.instance / "result.json").read_text(encoding="utf-8"))
                     ~~~~~~~~~~~~~~~~~~~~~~~~~~~~~~~~~~~~~~~~~~~~~~~~^^^^^^^^^^^^^^^^^^
  File "C:\Python314\Lib\pathlib\__init__.py", line 787, in read_text
    with self.open(mode='r', encoding=encoding, errors=errors, newline=newline) as f:
         ~~~~~~~~~^^^^^^^^^^^^^^^^^^^^^^^^^^^^^^^^^^^^^^^^^^^^^^^^^^^^^^^^^^^^^
  File "C:\Python314\Lib\pathlib\__init__.py", line 771, in open
    return io.open(self, mode, buffering, encoding, errors, newline)
           ~~~~~~~^^^^^^^^^^^^^^^^^^^^^^^^^^^^^^^^^^^^^^^^^^^^^^^^^^
FileNotFoundError: [Errno 2] No such file or directory: 'C:\\Users\\hollo\\dev\\repo-diagnosis\\results\\httpie-3\\result.json'

########## 3. PHANTOM ##########
--- cookiecutter-1 ...
    !! PROMPT TRUNCATED - the agent did not receive the full instructions. Result is not comparable.
    no result written (exit 1)
Traceback (most recent call last):
  File "C:\Users\hollo\dev\repo-diagnosis\fix_bug.py", line 208, in <module>
    main()
    ~~~~^^
  File "C:\Users\hollo\dev\repo-diagnosis\fix_bug.py", line 122, in main
    res = json.loads((RESULTS / a.instance / "result.json").read_text(encoding="utf-8"))
                     ~~~~~~~~~~~~~~~~~~~~~~~~~~~~~~~~~~~~~~~~~~~~~~~~^^^^^^^^^^^^^^^^^^
  File "C:\Python314\Lib\pathlib\__init__.py", line 787, in read_text
    with self.open(mode='r', encoding=encoding, errors=errors, newline=newline) as f:
         ~~~~~~~~~^^^^^^^^^^^^^^^^^^^^^^^^^^^^^^^^^^^^^^^^^^^^^^^^^^^^^^^^^^^^^
  File "C:\Python314\Lib\pathlib\__init__.py", line 771, in open
    return io.open(self, mode, buffering, encoding, errors, newline)
           ~~~~~~~^^^^^^^^^^^^^^^^^^^^^^^^^^^^^^^^^^^^^^^^^^^^^^^^^^
FileNotFoundError: [Errno 2] No such file or directory: 'C:\\Users\\hollo\\dev\\repo-diagnosis\\results\\cookiecutter-1\\result.json'

########## DONE ##########
